Archive member included to satisfy reference by file (symbol)

c:/st/stm32cubeide_1.6.0/stm32cubeide/plugins/com.st.stm32cube.ide.mcu.externaltools.gnu-tools-for-stm32.9-2020-q2-update.win32_1.5.0.202011040924/tools/bin/../lib/gcc/arm-none-eabi/9.3.1/../../../../arm-none-eabi/lib/thumb/v6-m/nofp\libc_nano.a(lib_a-errno.o)
                              Core/Src/syscalls.o (__errno)
c:/st/stm32cubeide_1.6.0/stm32cubeide/plugins/com.st.stm32cube.ide.mcu.externaltools.gnu-tools-for-stm32.9-2020-q2-update.win32_1.5.0.202011040924/tools/bin/../lib/gcc/arm-none-eabi/9.3.1/../../../../arm-none-eabi/lib/thumb/v6-m/nofp\libc_nano.a(lib_a-exit.o)
                              c:/st/stm32cubeide_1.6.0/stm32cubeide/plugins/com.st.stm32cube.ide.mcu.externaltools.gnu-tools-for-stm32.9-2020-q2-update.win32_1.5.0.202011040924/tools/bin/../lib/gcc/arm-none-eabi/9.3.1/../../../../arm-none-eabi/lib/thumb/v6-m/nofp/crt0.o (exit)
c:/st/stm32cubeide_1.6.0/stm32cubeide/plugins/com.st.stm32cube.ide.mcu.externaltools.gnu-tools-for-stm32.9-2020-q2-update.win32_1.5.0.202011040924/tools/bin/../lib/gcc/arm-none-eabi/9.3.1/../../../../arm-none-eabi/lib/thumb/v6-m/nofp\libc_nano.a(lib_a-impure.o)
                              c:/st/stm32cubeide_1.6.0/stm32cubeide/plugins/com.st.stm32cube.ide.mcu.externaltools.gnu-tools-for-stm32.9-2020-q2-update.win32_1.5.0.202011040924/tools/bin/../lib/gcc/arm-none-eabi/9.3.1/../../../../arm-none-eabi/lib/thumb/v6-m/nofp\libc_nano.a(lib_a-exit.o) (_global_impure_ptr)
c:/st/stm32cubeide_1.6.0/stm32cubeide/plugins/com.st.stm32cube.ide.mcu.externaltools.gnu-tools-for-stm32.9-2020-q2-update.win32_1.5.0.202011040924/tools/bin/../lib/gcc/arm-none-eabi/9.3.1/../../../../arm-none-eabi/lib/thumb/v6-m/nofp\libc_nano.a(lib_a-init.o)
                              c:/st/stm32cubeide_1.6.0/stm32cubeide/plugins/com.st.stm32cube.ide.mcu.externaltools.gnu-tools-for-stm32.9-2020-q2-update.win32_1.5.0.202011040924/tools/bin/../lib/gcc/arm-none-eabi/9.3.1/../../../../arm-none-eabi/lib/thumb/v6-m/nofp/crt0.o (__libc_init_array)
c:/st/stm32cubeide_1.6.0/stm32cubeide/plugins/com.st.stm32cube.ide.mcu.externaltools.gnu-tools-for-stm32.9-2020-q2-update.win32_1.5.0.202011040924/tools/bin/../lib/gcc/arm-none-eabi/9.3.1/../../../../arm-none-eabi/lib/thumb/v6-m/nofp\libc_nano.a(lib_a-memset.o)
                              c:/st/stm32cubeide_1.6.0/stm32cubeide/plugins/com.st.stm32cube.ide.mcu.externaltools.gnu-tools-for-stm32.9-2020-q2-update.win32_1.5.0.202011040924/tools/bin/../lib/gcc/arm-none-eabi/9.3.1/../../../../arm-none-eabi/lib/thumb/v6-m/nofp/crt0.o (memset)
c:/st/stm32cubeide_1.6.0/stm32cubeide/plugins/com.st.stm32cube.ide.mcu.externaltools.gnu-tools-for-stm32.9-2020-q2-update.win32_1.5.0.202011040924/tools/bin/../lib/gcc/arm-none-eabi/9.3.1/thumb/v6-m/nofp\libgcc.a(_udivsi3.o)
                              Core/Src/system_stm32f0xx.o (__aeabi_uidiv)
c:/st/stm32cubeide_1.6.0/stm32cubeide/plugins/com.st.stm32cube.ide.mcu.externaltools.gnu-tools-for-stm32.9-2020-q2-update.win32_1.5.0.202011040924/tools/bin/../lib/gcc/arm-none-eabi/9.3.1/thumb/v6-m/nofp\libgcc.a(_dvmd_tls.o)
                              c:/st/stm32cubeide_1.6.0/stm32cubeide/plugins/com.st.stm32cube.ide.mcu.externaltools.gnu-tools-for-stm32.9-2020-q2-update.win32_1.5.0.202011040924/tools/bin/../lib/gcc/arm-none-eabi/9.3.1/thumb/v6-m/nofp\libgcc.a(_udivsi3.o) (__aeabi_idiv0)

Allocating common symbols
Common symbol       size              file

uwTick              0x4               Drivers/STM32F0xx_HAL_Driver/Src/stm32f0xx_hal.o
pFlash              0x20              Drivers/STM32F0xx_HAL_Driver/Src/stm32f0xx_hal_flash.o
huart1              0x84              Core/Src/main.o
hdma_adc            0x44              Core/Src/main.o
hadc                0x40              Core/Src/main.o

Discarded input sections

 .text          0x0000000000000000        0x0 c:/st/stm32cubeide_1.6.0/stm32cubeide/plugins/com.st.stm32cube.ide.mcu.externaltools.gnu-tools-for-stm32.9-2020-q2-update.win32_1.5.0.202011040924/tools/bin/../lib/gcc/arm-none-eabi/9.3.1/thumb/v6-m/nofp/crti.o
 .data          0x0000000000000000        0x0 c:/st/stm32cubeide_1.6.0/stm32cubeide/plugins/com.st.stm32cube.ide.mcu.externaltools.gnu-tools-for-stm32.9-2020-q2-update.win32_1.5.0.202011040924/tools/bin/../lib/gcc/arm-none-eabi/9.3.1/thumb/v6-m/nofp/crti.o
 .bss           0x0000000000000000        0x0 c:/st/stm32cubeide_1.6.0/stm32cubeide/plugins/com.st.stm32cube.ide.mcu.externaltools.gnu-tools-for-stm32.9-2020-q2-update.win32_1.5.0.202011040924/tools/bin/../lib/gcc/arm-none-eabi/9.3.1/thumb/v6-m/nofp/crti.o
 .data          0x0000000000000000        0x4 c:/st/stm32cubeide_1.6.0/stm32cubeide/plugins/com.st.stm32cube.ide.mcu.externaltools.gnu-tools-for-stm32.9-2020-q2-update.win32_1.5.0.202011040924/tools/bin/../lib/gcc/arm-none-eabi/9.3.1/thumb/v6-m/nofp/crtbegin.o
[...]
Memory Configuration

Name             Origin             Length             Attributes
RAM              0x0000000020000000 0x0000000000001000 xrw
FLASH            0x0000000008000000 0x0000000000004000 xr
*default*        0x0000000000000000 0xffffffffffffffff

Linker script and memory map

LOAD c:/st/stm32cubeide_1.6.0/stm32cubeide/plugins/com.st.stm32cube.ide.mcu.externaltools.gnu-tools-for-stm32.9-2020-q2-update.win32_1.5.0.202011040924/tools/bin/../lib/gcc/arm-none-eabi/9.3.1/thumb/v6-m/nofp/crti.o
LOAD c:/st/stm32cubeide_1.6.0/stm32cubeide/plugins/com.st.stm32cube.ide.mcu.externaltools.gnu-tools-for-stm32.9-2020-q2-update.win32_1.5.0.202011040924/tools/bin/../lib/gcc/arm-none-eabi/9.3.1/thumb/v6-m/nofp/crtbegin.o
LOAD c:/st/stm32cubeide_1.6.0/stm32cubeide/plugins/com.st.stm32cube.ide.mcu.externaltools.gnu-tools-for-stm32.9-2020-q2-update.win32_1.5.0.202011040924/tools/bin/../lib/gcc/arm-none-eabi/9.3.1/../../../../arm-none-eabi/lib/thumb/v6-m/nofp/crt0.o
LOAD Core/Src/main.o
LOAD Core/Src/stm32f0xx_hal_msp.o
LOAD Core/Src/stm32f0xx_it.o
LOAD Core/Src/syscalls.o
LOAD Core/Src/sysmem.o
LOAD Core/Src/system_stm32f0xx.o
LOAD Core/Startup/startup_stm32f030f4px.o
LOAD Drivers/STM32F0xx_HAL_Driver/Src/stm32f0xx_hal.o
LOAD Drivers/STM32F0xx_HAL_Driver/Src/stm32f0xx_hal_adc.o
LOAD Drivers/STM32F0xx_HAL_Driver/Src/stm32f0xx_hal_adc_ex.o
LOAD Drivers/STM32F0xx_HAL_Driver/Src/stm32f0xx_hal_cortex.o
LOAD Drivers/STM32F0xx_HAL_Driver/Src/stm32f0xx_hal_dma.o
LOAD Drivers/STM32F0xx_HAL_Driver/Src/stm32f0xx_hal_exti.o
LOAD Drivers/STM32F0xx_HAL_Driver/Src/stm32f0xx_hal_flash.o
LOAD Drivers/STM32F0xx_HAL_Driver/Src/stm32f0xx_hal_flash_ex.o
LOAD Drivers/STM32F0xx_HAL_Driver/Src/stm32f0xx_hal_gpio.o
LOAD Drivers/STM32F0xx_HAL_Driver/Src/stm32f0xx_hal_i2c.o
LOAD Drivers/STM32F0xx_HAL_Driver/Src/stm32f0xx_hal_i2c_ex.o
LOAD Drivers/STM32F0xx_HAL_Driver/Src/stm32f0xx_hal_pwr.o
LOAD Drivers/STM32F0xx_HAL_Driver/Src/stm32f0xx_hal_pwr_ex.o
LOAD Drivers/STM32F0xx_HAL_Driver/Src/stm32f0xx_hal_rcc.o
LOAD Drivers/STM32F0xx_HAL_Driver/Src/stm32f0xx_hal_rcc_ex.o
LOAD Drivers/STM32F0xx_HAL_Driver/Src/stm32f0xx_hal_tim.o
LOAD Drivers/STM32F0xx_HAL_Driver/Src/stm32f0xx_hal_tim_ex.o
LOAD Drivers/STM32F0xx_HAL_Driver/Src/stm32f0xx_hal_uart.o
LOAD Drivers/STM32F0xx_HAL_Driver/Src/stm32f0xx_hal_uart_ex.o
START GROUP
LOAD c:/st/stm32cubeide_1.6.0/stm32cubeide/plugins/com.st.stm32cube.ide.mcu.externaltools.gnu-tools-for-stm32.9-2020-q2-update.win32_1.5.0.202011040924/tools/bin/../lib/gcc/arm-none-eabi/9.3.1/../../../../arm-none-eabi/lib/thumb/v6-m/nofp\libc_nano.a
LOAD c:/st/stm32cubeide_1.6.0/stm32cubeide/plugins/com.st.stm32cube.ide.mcu.externaltools.gnu-tools-for-stm32.9-2020-q2-update.win32_1.5.0.202011040924/tools/bin/../lib/gcc/arm-none-eabi/9.3.1/../../../../arm-none-eabi/lib/thumb/v6-m/nofp\libm.a
END GROUP
START GROUP
LOAD c:/st/stm32cubeide_1.6.0/stm32cubeide/plugins/com.st.stm32cube.ide.mcu.externaltools.gnu-tools-for-stm32.9-2020-q2-update.win32_1.5.0.202011040924/tools/bin/../lib/gcc/arm-none-eabi/9.3.1/thumb/v6-m/nofp\libgcc.a
LOAD c:/st/stm32cubeide_1.6.0/stm32cubeide/plugins/com.st.stm32cube.ide.mcu.externaltools.gnu-tools-for-stm32.9-2020-q2-update.win32_1.5.0.202011040924/tools/bin/../lib/gcc/arm-none-eabi/9.3.1/../../../../arm-none-eabi/lib/thumb/v6-m/nofp\libc_nano.a
END GROUP
START GROUP
LOAD c:/st/stm32cubeide_1.6.0/stm32cubeide/plugins/com.st.stm32cube.ide.mcu.externaltools.gnu-tools-for-stm32.9-2020-q2-update.win32_1.5.0.202011040924/tools/bin/../lib/gcc/arm-none-eabi/9.3.1/thumb/v6-m/nofp\libgcc.a
LOAD c:/st/stm32cubeide_1.6.0/stm32cubeide/plugins/com.st.stm32cube.ide.mcu.externaltools.gnu-tools-for-stm32.9-2020-q2-update.win32_1.5.0.202011040924/tools/bin/../lib/gcc/arm-none-eabi/9.3.1/../../../../arm-none-eabi/lib/thumb/v6-m/nofp\libc_nano.a
LOAD c:/st/stm32cubeide_1.6.0/stm32cubeide/plugins/com.st.stm32cube.ide.mcu.externaltools.gnu-tools-for-stm32.9-2020-q2-update.win32_1.5.0.202011040924/tools/bin/../lib/gcc/arm-none-eabi/9.3.1/../../../../arm-none-eabi/lib/thumb/v6-m/nofp\libnosys.a
END GROUP
START GROUP
LOAD c:/st/stm32cubeide_1.6.0/stm32cubeide/plugins/com.st.stm32cube.ide.mcu.externaltools.gnu-tools-for-stm32.9-2020-q2-update.win32_1.5.0.202011040924/tools/bin/../lib/gcc/arm-none-eabi/9.3.1/thumb/v6-m/nofp\libgcc.a
LOAD c:/st/stm32cubeide_1.6.0/stm32cubeide/plugins/com.st.stm32cube.ide.mcu.externaltools.gnu-tools-for-stm32.9-2020-q2-update.win32_1.5.0.202011040924/tools/bin/../lib/gcc/arm-none-eabi/9.3.1/../../../../arm-none-eabi/lib/thumb/v6-m/nofp\libc_nano.a
LOAD c:/st/stm32cubeide_1.6.0/stm32cubeide/plugins/com.st.stm32cube.ide.mcu.externaltools.gnu-tools-for-stm32.9-2020-q2-update.win32_1.5.0.202011040924/tools/bin/../lib/gcc/arm-none-eabi/9.3.1/../../../../arm-none-eabi/lib/thumb/v6-m/nofp\libnosys.a
END GROUP
LOAD c:/st/stm32cubeide_1.6.0/stm32cubeide/plugins/com.st.stm32cube.ide.mcu.externaltools.gnu-tools-for-stm32.9-2020-q2-update.win32_1.5.0.202011040924/tools/bin/../lib/gcc/arm-none-eabi/9.3.1/thumb/v6-m/nofp/crtend.o
LOAD c:/st/stm32cubeide_1.6.0/stm32cubeide/plugins/com.st.stm32cube.ide.mcu.externaltools.gnu-tools-for-stm32.9-2020-q2-update.win32_1.5.0.202011040924/tools/bin/../lib/gcc/arm-none-eabi/9.3.1/thumb/v6-m/nofp/crtn.o
                0x0000000020001000                _estack = (ORIGIN (RAM) + LENGTH (RAM))
                0x0000000000000200                _Min_Heap_Size = 0x200
                0x0000000000000400                _Min_Stack_Size = 0x400

.isr_vector     0x0000000008000000       0xc0
                0x0000000008000000                . = ALIGN (0x4)
 *(.isr_vector)
 .isr_vector    0x0000000008000000       0xc0 Core/Startup/startup_stm32f030f4px.o
                0x0000000008000000                g_pfnVectors
                0x00000000080000c0                . = ALIGN (0x4)

.text           0x00000000080000c0     0x2420
                0x00000000080000c0                . = ALIGN (0x4)
 *(.text)
 .text          0x00000000080000c0       0x48 c:/st/stm32cubeide_1.6.0/stm32cubeide/plugins/com.st.stm32cube.ide.mcu.externaltools.gnu-tools-for-stm32.9-2020-q2-update.win32_1.5.0.202011040924/tools/bin/../lib/gcc/arm-none-eabi/9.3.1/thumb/v6-m/nofp/crtbegin.o
 .text          0x0000000008000108      0x114 c:/st/stm32cubeide_1.6.0/stm32cubeide/plugins/com.st.stm32cube.ide.mcu.externaltools.gnu-tools-for-stm32.9-2020-q2-update.win32_1.5.0.202011040924/tools/bin/../lib/gcc/arm-none-eabi/9.3.1/thumb/v6-m/nofp\libgcc.a(_udivsi3.o)
                0x0000000008000108                __aeabi_uidiv
                0x0000000008000108                __udivsi3
                0x0000000008000214                __aeabi_uidivmod
 .text          0x000000000800021c        0x4 c:/st/stm32cubeide_1.6.0/stm32cubeide/plugins/com.st.stm32cube.ide.mcu.externaltools.gnu-tools-for-stm32.9-2020-q2-update.win32_1.5.0.202011040924/tools/bin/../lib/gcc/arm-none-eabi/9.3.1/thumb/v6-m/nofp\libgcc.a(_dvmd_tls.o)
                0x000000000800021c                __aeabi_idiv0
                0x000000000800021c                __aeabi_ldiv0
 *(.text*)
 .text.main     0x0000000008000220       0x30 Core/Src/main.o
                0x0000000008000220                main
 .text.SystemClock_Config
                0x0000000008000250       0xce Core/Src/main.o
                0x0000000008000250                SystemClock_Config
 *fill*         0x000000000800031e        0x2 
 .text.MX_ADC_Init
                0x0000000008000320       0xb4 Core/Src/main.o
 .text.MX_USART1_UART_Init
                0x00000000080003d4       0x60 Core/Src/main.o
 .text.MX_DMA_Init
                0x0000000008000434       0x3c Core/Src/main.o
 .text.MX_GPIO_Init
                0x0000000008000470       0x90 Core/Src/main.o
 .text.Error_Handler
                0x0000000008000500        0xa Core/Src/main.o
                0x0000000008000500                Error_Handler
 *fill*         0x000000000800050a        0x2 
 .text.HAL_MspInit
                0x000000000800050c       0x48 Core/Src/stm32f0xx_hal_msp.o
                0x000000000800050c                HAL_MspInit
 .text.HAL_ADC_MspInit
                0x0000000008000554       0xe4 Core/Src/stm32f0xx_hal_msp.o
                0x0000000008000554                HAL_ADC_MspInit
 .text.HAL_UART_MspInit
                0x0000000008000638       0x98 Core/Src/stm32f0xx_hal_msp.o
                0x0000000008000638                HAL_UART_MspInit
 .text.NMI_Handler
                0x00000000080006d0        0x6 Core/Src/stm32f0xx_it.o
                0x00000000080006d0                NMI_Handler
 .text.HardFault_Handler
                0x00000000080006d6        0x6 Core/Src/stm32f0xx_it.o
                0x00000000080006d6                HardFault_Handler
 .text.SVC_Handler
                0x00000000080006dc        0xa Core/Src/stm32f0xx_it.o
                0x00000000080006dc                SVC_Handler
 .text.PendSV_Handler
                0x00000000080006e6        0xa Core/Src/stm32f0xx_it.o
                0x00000000080006e6                PendSV_Handler
 .text.SysTick_Handler
                0x00000000080006f0        0xe Core/Src/stm32f0xx_it.o
                0x00000000080006f0                SysTick_Handler
 *fill*         0x00000000080006fe        0x2 
 .text.DMA1_Channel1_IRQHandler
                0x0000000008000700       0x18 Core/Src/stm32f0xx_it.o
                0x0000000008000700                DMA1_Channel1_IRQHandler
 .text.SystemInit
                0x0000000008000718        0xa Core/Src/system_stm32f0xx.o
                0x0000000008000718                SystemInit
 *fill*         0x0000000008000722        0x2 
 .text.Reset_Handler
                0x0000000008000724       0x50 Core/Startup/startup_stm32f030f4px.o
                0x0000000008000724                Reset_Handler
 .text.Default_Handler
                0x0000000008000774        0x2 Core/Startup/startup_stm32f030f4px.o
                0x0000000008000774                TIM1_CC_IRQHandler
                0x0000000008000774                I2C1_IRQHandler
                0x0000000008000774                SPI1_IRQHandler
                0x0000000008000774                EXTI2_3_IRQHandler
                0x0000000008000774                ADC1_IRQHandler
                0x0000000008000774                TIM17_IRQHandler
                0x0000000008000774                RTC_IRQHandler
                0x0000000008000774                TIM16_IRQHandler
                0x0000000008000774                TIM3_IRQHandler
                0x0000000008000774                EXTI4_15_IRQHandler
                0x0000000008000774                RCC_IRQHandler
                0x0000000008000774                Default_Handler
                0x0000000008000774                TIM14_IRQHandler
                0x0000000008000774                DMA1_Channel4_5_IRQHandler
                0x0000000008000774                EXTI0_1_IRQHandler
                0x0000000008000774                WWDG_IRQHandler
                0x0000000008000774                DMA1_Channel2_3_IRQHandler
                0x0000000008000774                FLASH_IRQHandler
                0x0000000008000774                USART1_IRQHandler
                0x0000000008000774                TIM1_BRK_UP_TRG_COM_IRQHandler
 *fill*         0x0000000008000776        0x2 
 .text.HAL_Init
                0x0000000008000778       0x28 Drivers/STM32F0xx_HAL_Driver/Src/stm32f0xx_hal.o
                0x0000000008000778                HAL_Init
 .text.HAL_InitTick
                0x00000000080007a0       0x68 Drivers/STM32F0xx_HAL_Driver/Src/stm32f0xx_hal.o
                0x00000000080007a0                HAL_InitTick
 .text.HAL_IncTick
                0x0000000008000808       0x24 Drivers/STM32F0xx_HAL_Driver/Src/stm32f0xx_hal.o
                0x0000000008000808                HAL_IncTick
 .text.HAL_GetTick
                0x000000000800082c       0x14 Drivers/STM32F0xx_HAL_Driver/Src/stm32f0xx_hal.o
                0x000000000800082c                HAL_GetTick
 .text.HAL_Delay
                0x0000000008000840       0x48 Drivers/STM32F0xx_HAL_Driver/Src/stm32f0xx_hal.o
                0x0000000008000840                HAL_Delay
 .text.HAL_ADC_Init
                0x0000000008000888      0x280 Drivers/STM32F0xx_HAL_Driver/Src/stm32f0xx_hal_adc.o
                0x0000000008000888                HAL_ADC_Init
 .text.HAL_ADC_ConfigChannel
                0x0000000008000b08      0x1ec Drivers/STM32F0xx_HAL_Driver/Src/stm32f0xx_hal_adc.o
                0x0000000008000b08                HAL_ADC_ConfigChannel
 .text.__NVIC_EnableIRQ
                0x0000000008000cf4       0x34 Drivers/STM32F0xx_HAL_Driver/Src/stm32f0xx_hal_cortex.o
 .text.__NVIC_SetPriority
                0x0000000008000d28       0xdc Drivers/STM32F0xx_HAL_Driver/Src/stm32f0xx_hal_cortex.o
 .text.SysTick_Config
                0x0000000008000e04       0x48 Drivers/STM32F0xx_HAL_Driver/Src/stm32f0xx_hal_cortex.o
 .text.HAL_NVIC_SetPriority
                0x0000000008000e4c       0x2a Drivers/STM32F0xx_HAL_Driver/Src/stm32f0xx_hal_cortex.o
                0x0000000008000e4c                HAL_NVIC_SetPriority
 .text.HAL_NVIC_EnableIRQ
                0x0000000008000e76       0x20 Drivers/STM32F0xx_HAL_Driver/Src/stm32f0xx_hal_cortex.o
                0x0000000008000e76                HAL_NVIC_EnableIRQ
 .text.HAL_SYSTICK_Config
                0x0000000008000e96       0x1a Drivers/STM32F0xx_HAL_Driver/Src/stm32f0xx_hal_cortex.o
                0x0000000008000e96                HAL_SYSTICK_Config
 .text.HAL_DMA_Init
                0x0000000008000eb0       0x90 Drivers/STM32F0xx_HAL_Driver/Src/stm32f0xx_hal_dma.o
                0x0000000008000eb0                HAL_DMA_Init
 .text.HAL_DMA_IRQHandler
                0x0000000008000f40      0x144 Drivers/STM32F0xx_HAL_Driver/Src/stm32f0xx_hal_dma.o
                0x0000000008000f40                HAL_DMA_IRQHandler
 .text.DMA_CalcBaseAndBitshift
                0x0000000008001084       0x38 Drivers/STM32F0xx_HAL_Driver/Src/stm32f0xx_hal_dma.o
 .text.HAL_GPIO_Init
                0x00000000080010bc      0x2e0 Drivers/STM32F0xx_HAL_Driver/Src/stm32f0xx_hal_gpio.o
                0x00000000080010bc                HAL_GPIO_Init
 .text.HAL_GPIO_WritePin
                0x000000000800139c       0x3a Drivers/STM32F0xx_HAL_Driver/Src/stm32f0xx_hal_gpio.o
                0x000000000800139c                HAL_GPIO_WritePin
 .text.HAL_GPIO_TogglePin
                0x00000000080013d6       0x36 Drivers/STM32F0xx_HAL_Driver/Src/stm32f0xx_hal_gpio.o
                0x00000000080013d6                HAL_GPIO_TogglePin
 .text.HAL_RCC_OscConfig
                0x000000000800140c      0x634 Drivers/STM32F0xx_HAL_Driver/Src/stm32f0xx_hal_rcc.o
                0x000000000800140c                HAL_RCC_OscConfig
 .text.HAL_RCC_ClockConfig
                0x0000000008001a40      0x19c Drivers/STM32F0xx_HAL_Driver/Src/stm32f0xx_hal_rcc.o
                0x0000000008001a40                HAL_RCC_ClockConfig
 .text.HAL_RCC_GetSysClockFreq
                0x0000000008001bdc       0xc8 Drivers/STM32F0xx_HAL_Driver/Src/stm32f0xx_hal_rcc.o
                0x0000000008001bdc                HAL_RCC_GetSysClockFreq
 .text.HAL_RCC_GetHCLKFreq
                0x0000000008001ca4       0x14 Drivers/STM32F0xx_HAL_Driver/Src/stm32f0xx_hal_rcc.o
                0x0000000008001ca4                HAL_RCC_GetHCLKFreq
 .text.HAL_RCC_GetPCLK1Freq
                0x0000000008001cb8       0x2c Drivers/STM32F0xx_HAL_Driver/Src/stm32f0xx_hal_rcc.o
                0x0000000008001cb8                HAL_RCC_GetPCLK1Freq
 .text.HAL_RCCEx_PeriphCLKConfig
                0x0000000008001ce4      0x19c Drivers/STM32F0xx_HAL_Driver/Src/stm32f0xx_hal_rcc_ex.o
                0x0000000008001ce4                HAL_RCCEx_PeriphCLKConfig
 .text.HAL_UART_Init
                0x0000000008001e80       0xa8 Drivers/STM32F0xx_HAL_Driver/Src/stm32f0xx_hal_uart.o
                0x0000000008001e80                HAL_UART_Init
 .text.UART_SetConfig
                0x0000000008001f28      0x254 Drivers/STM32F0xx_HAL_Driver/Src/stm32f0xx_hal_uart.o
                0x0000000008001f28                UART_SetConfig
 .text.UART_AdvFeatureConfig
                0x000000000800217c      0x168 Drivers/STM32F0xx_HAL_Driver/Src/stm32f0xx_hal_uart.o
                0x000000000800217c                UART_AdvFeatureConfig
 .text.UART_CheckIdleState
                0x00000000080022e4       0x90 Drivers/STM32F0xx_HAL_Driver/Src/stm32f0xx_hal_uart.o
                0x00000000080022e4                UART_CheckIdleState
 .text.UART_WaitOnFlagUntilTimeout
                0x0000000008002374       0xfc Drivers/STM32F0xx_HAL_Driver/Src/stm32f0xx_hal_uart.o
                0x0000000008002374                UART_WaitOnFlagUntilTimeout
 .text.__libc_init_array
                0x0000000008002470       0x48 c:/st/stm32cubeide_1.6.0/stm32cubeide/plugins/com.st.stm32cube.ide.mcu.externaltools.gnu-tools-for-stm32.9-2020-q2-update.win32_1.5.0.202011040924/tools/bin/../lib/gcc/arm-none-eabi/9.3.1/../../../../arm-none-eabi/lib/thumb/v6-m/nofp\libc_nano.a(lib_a-init.o)
                0x0000000008002470                __libc_init_array
 .text.memset   0x00000000080024b8       0x10 c:/st/stm32cubeide_1.6.0/stm32cubeide/plugins/com.st.stm32cube.ide.mcu.externaltools.gnu-tools-for-stm32.9-2020-q2-update.win32_1.5.0.202011040924/tools/bin/../lib/gcc/arm-none-eabi/9.3.1/../../../../arm-none-eabi/lib/thumb/v6-m/nofp\libc_nano.a(lib_a-memset.o)
                0x00000000080024b8                memset
 *(.glue_7)
 .glue_7        0x00000000080024c8        0x0 linker stubs
 *(.glue_7t)
 .glue_7t       0x00000000080024c8        0x0 linker stubs
 *(.eh_frame)
 .eh_frame      0x00000000080024c8        0x0 c:/st/stm32cubeide_1.6.0/stm32cubeide/plugins/com.st.stm32cube.ide.mcu.externaltools.gnu-tools-for-stm32.9-2020-q2-update.win32_1.5.0.202011040924/tools/bin/../lib/gcc/arm-none-eabi/9.3.1/thumb/v6-m/nofp/crtbegin.o
 *(.init)
 .init          0x00000000080024c8        0x4 c:/st/stm32cubeide_1.6.0/stm32cubeide/plugins/com.st.stm32cube.ide.mcu.externaltools.gnu-tools-for-stm32.9-2020-q2-update.win32_1.5.0.202011040924/tools/bin/../lib/gcc/arm-none-eabi/9.3.1/thumb/v6-m/nofp/crti.o
                0x00000000080024c8                _init
 .init          0x00000000080024cc        0x8 c:/st/stm32cubeide_1.6.0/stm32cubeide/plugins/com.st.stm32cube.ide.mcu.externaltools.gnu-tools-for-stm32.9-2020-q2-update.win32_1.5.0.202011040924/tools/bin/../lib/gcc/arm-none-eabi/9.3.1/thumb/v6-m/nofp/crtn.o
 *(.fini)
 .fini          0x00000000080024d4        0x4 c:/st/stm32cubeide_1.6.0/stm32cubeide/plugins/com.st.stm32cube.ide.mcu.externaltools.gnu-tools-for-stm32.9-2020-q2-update.win32_1.5.0.202011040924/tools/bin/../lib/gcc/arm-none-eabi/9.3.1/thumb/v6-m/nofp/crti.o
                0x00000000080024d4                _fini
 .fini          0x00000000080024d8        0x8 c:/st/stm32cubeide_1.6.0/stm32cubeide/plugins/com.st.stm32cube.ide.mcu.externaltools.gnu-tools-for-stm32.9-2020-q2-update.win32_1.5.0.202011040924/tools/bin/../lib/gcc/arm-none-eabi/9.3.1/thumb/v6-m/nofp/crtn.o
                0x00000000080024e0                . = ALIGN (0x4)
                0x00000000080024e0                _etext = .

.vfp11_veneer   0x00000000080024e0        0x0
 .vfp11_veneer  0x00000000080024e0        0x0 linker stubs

.v4_bx          0x00000000080024e0        0x0
 .v4_bx         0x00000000080024e0        0x0 linker stubs

.iplt           0x00000000080024e0        0x0
 .iplt          0x00000000080024e0        0x0 c:/st/stm32cubeide_1.6.0/stm32cubeide/plugins/com.st.stm32cube.ide.mcu.externaltools.gnu-tools-for-stm32.9-2020-q2-update.win32_1.5.0.202011040924/tools/bin/../lib/gcc/arm-none-eabi/9.3.1/thumb/v6-m/nofp/crtbegin.o

.rodata         0x00000000080024e0       0x38
                0x00000000080024e0                . = ALIGN (0x4)
 *(.rodata)
 .rodata        0x00000000080024e0       0x20 Drivers/STM32F0xx_HAL_Driver/Src/stm32f0xx_hal_rcc.o
 *(.rodata*)
 .rodata.AHBPrescTable
                0x0000000008002500       0x10 Core/Src/system_stm32f0xx.o
                0x0000000008002500                AHBPrescTable
 .rodata.APBPrescTable
                0x0000000008002510        0x8 Core/Src/system_stm32f0xx.o
                0x0000000008002510                APBPrescTable
                0x0000000008002518                . = ALIGN (0x4)

.rel.dyn        0x0000000008002518        0x0
 .rel.iplt      0x0000000008002518        0x0 c:/st/stm32cubeide_1.6.0/stm32cubeide/plugins/com.st.stm32cube.ide.mcu.externaltools.gnu-tools-for-stm32.9-2020-q2-update.win32_1.5.0.202011040924/tools/bin/../lib/gcc/arm-none-eabi/9.3.1/thumb/v6-m/nofp/crtbegin.o

.ARM.extab      0x0000000008002518        0x0
                0x0000000008002518                . = ALIGN (0x4)
 *(.ARM.extab* .gnu.linkonce.armextab.*)
                0x0000000008002518                . = ALIGN (0x4)

.ARM            0x0000000008002518        0x0
                0x0000000008002518                . = ALIGN (0x4)
                0x0000000008002518                __exidx_start = .
 *(.ARM.exidx*)
                0x0000000008002518                __exidx_end = .
                0x0000000008002518                . = ALIGN (0x4)

.preinit_array  0x0000000008002518        0x0
                0x0000000008002518                . = ALIGN (0x4)
                0x0000000008002518                PROVIDE (__preinit_array_start = .)
 *(.preinit_array*)
                0x0000000008002518                PROVIDE (__preinit_array_end = .)
                0x0000000008002518                . = ALIGN (0x4)

.init_array     0x0000000008002518        0x4
                0x0000000008002518                . = ALIGN (0x4)
                0x0000000008002518                PROVIDE (__init_array_start = .)
 *(SORT_BY_NAME(.init_array.*))
 *(.init_array*)
 .init_array    0x0000000008002518        0x4 c:/st/stm32cubeide_1.6.0/stm32cubeide/plugins/com.st.stm32cube.ide.mcu.externaltools.gnu-tools-for-stm32.9-2020-q2-update.win32_1.5.0.202011040924/tools/bin/../lib/gcc/arm-none-eabi/9.3.1/thumb/v6-m/nofp/crtbegin.o
                0x000000000800251c                PROVIDE (__init_array_end = .)
                0x000000000800251c                . = ALIGN (0x4)

.fini_array     0x000000000800251c        0x4
                0x000000000800251c                . = ALIGN (0x4)
                [!provide]                        PROVIDE (__fini_array_start = .)
 *(SORT_BY_NAME(.fini_array.*))
 *(.fini_array*)
 .fini_array    0x000000000800251c        0x4 c:/st/stm32cubeide_1.6.0/stm32cubeide/plugins/com.st.stm32cube.ide.mcu.externaltools.gnu-tools-for-stm32.9-2020-q2-update.win32_1.5.0.202011040924/tools/bin/../lib/gcc/arm-none-eabi/9.3.1/thumb/v6-m/nofp/crtbegin.o
                [!provide]                        PROVIDE (__fini_array_end = .)
                0x0000000008002520                . = ALIGN (0x4)
                0x0000000008002520                _sidata = LOADADDR (.data)

.data           0x0000000020000000        0xc load address 0x0000000008002520
                0x0000000020000000                . = ALIGN (0x4)
                0x0000000020000000                _sdata = .
 *(.data)
 *(.data*)
 .data.SystemCoreClock
                0x0000000020000000        0x4 Core/Src/system_stm32f0xx.o
                0x0000000020000000                SystemCoreClock
 .data.uwTickPrio
                0x0000000020000004        0x4 Drivers/STM32F0xx_HAL_Driver/Src/stm32f0xx_hal.o
                0x0000000020000004                uwTickPrio
 .data.uwTickFreq
                0x0000000020000008        0x1 Drivers/STM32F0xx_HAL_Driver/Src/stm32f0xx_hal.o
                0x0000000020000008                uwTickFreq
 *(.RamFunc)
 *(.RamFunc*)
                0x000000002000000c                . = ALIGN (0x4)
 *fill*         0x0000000020000009        0x3 
                0x000000002000000c                _edata = .

.igot.plt       0x000000002000000c        0x0 load address 0x000000000800252c
 .igot.plt      0x000000002000000c        0x0 c:/st/stm32cubeide_1.6.0/stm32cubeide/plugins/com.st.stm32cube.ide.mcu.externaltools.gnu-tools-for-stm32.9-2020-q2-update.win32_1.5.0.202011040924/tools/bin/../lib/gcc/arm-none-eabi/9.3.1/thumb/v6-m/nofp/crtbegin.o
                0x000000002000000c                . = ALIGN (0x4)

.bss            0x000000002000000c      0x128 load address 0x000000000800252c
                0x000000002000000c                _sbss = .
                0x000000002000000c                __bss_start__ = _sbss
 *(.bss)
 .bss           0x000000002000000c       0x1c c:/st/stm32cubeide_1.6.0/stm32cubeide/plugins/com.st.stm32cube.ide.mcu.externaltools.gnu-tools-for-stm32.9-2020-q2-update.win32_1.5.0.202011040924/tools/bin/../lib/gcc/arm-none-eabi/9.3.1/thumb/v6-m/nofp/crtbegin.o
 *(.bss*)
 *(COMMON)
 COMMON         0x0000000020000028      0x108 Core/Src/main.o
                0x0000000020000028                huart1
                0x00000000200000ac                hdma_adc
                0x00000000200000f0                hadc
 COMMON         0x0000000020000130        0x4 Drivers/STM32F0xx_HAL_Driver/Src/stm32f0xx_hal.o
                0x0000000020000130                uwTick
                0x0000000020000134                . = ALIGN (0x4)
                0x0000000020000134                _ebss = .
                0x0000000020000134                __bss_end__ = _ebss

._user_heap_stack
                0x0000000020000134      0x604 load address 0x000000000800252c
                0x0000000020000138                . = ALIGN (0x8)
 *fill*         0x0000000020000134        0x4 
                [!provide]                        PROVIDE (end = .)
                0x0000000020000138                PROVIDE (_end = .)
                0x0000000020000338                . = (. + _Min_Heap_Size)
 *fill*         0x0000000020000138      0x200 
                0x0000000020000738                . = (. + _Min_Stack_Size)
 *fill*         0x0000000020000338      0x400 
                0x0000000020000738                . = ALIGN (0x8)

/DISCARD/
 libc.a(*)
 libm.a(*)
 libgcc.a(*)

.ARM.attributes
                0x0000000000000000       0x28
 *(.ARM.attributes)
 .ARM.attributes
                0x0000000000000000       0x1e c:/st/stm32cubeide_1.6.0/stm32cubeide/plugins/com.st.stm32cube.ide.mcu.externaltools.gnu-tools-for-stm32.9-2020-q2-update.win32_1.5.0.202011040924/tools/bin/../lib/gcc/arm-none-eabi/9.3.1/thumb/v6-m/nofp/crti.o
 .ARM.attributes
                0x000000000000001e       0x2c c:/st/stm32cubeide_1.6.0/stm32cubeide/plugins/com.st.stm32cube.ide.mcu.externaltools.gnu-tools-for-stm32.9-2020-q2-update.win32_1.5.0.202011040924/tools/bin/../lib/gcc/arm-none-eabi/9.3.1/thumb/v6-m/nofp/crtbegin.o
 .ARM.attributes
                0x000000000000004a       0x2c Core/Src/main.o
 .ARM.attributes
                0x0000000000000076       0x2c Core/Src/stm32f0xx_hal_msp.o
 .ARM.attributes
                0x00000000000000a2       0x2c Core/Src/stm32f0xx_it.o
 .ARM.attributes
                0x00000000000000ce       0x2c Core/Src/system_stm32f0xx.o
 .ARM.attributes
                0x00000000000000fa       0x21 Core/Startup/startup_stm32f030f4px.o
 .ARM.attributes
                0x000000000000011b       0x2c Drivers/STM32F0xx_HAL_Driver/Src/stm32f0xx_hal.o
 .ARM.attributes
                0x0000000000000147       0x2c Drivers/STM32F0xx_HAL_Driver/Src/stm32f0xx_hal_adc.o
 .ARM.attributes
                0x0000000000000173       0x2c Drivers/STM32F0xx_HAL_Driver/Src/stm32f0xx_hal_cortex.o
 .ARM.attributes
                0x000000000000019f       0x2c Drivers/STM32F0xx_HAL_Driver/Src/stm32f0xx_hal_dma.o
 .ARM.attributes
                0x00000000000001cb       0x2c Drivers/STM32F0xx_HAL_Driver/Src/stm32f0xx_hal_gpio.o
 .ARM.attributes
                0x00000000000001f7       0x2c Drivers/STM32F0xx_HAL_Driver/Src/stm32f0xx_hal_rcc.o
 .ARM.attributes
                0x0000000000000223       0x2c Drivers/STM32F0xx_HAL_Driver/Src/stm32f0xx_hal_rcc_ex.o
 .ARM.attributes
                0x000000000000024f       0x2c Drivers/STM32F0xx_HAL_Driver/Src/stm32f0xx_hal_uart.o
 .ARM.attributes
                0x000000000000027b       0x2c c:/st/stm32cubeide_1.6.0/stm32cubeide/plugins/com.st.stm32cube.ide.mcu.externaltools.gnu-tools-for-stm32.9-2020-q2-update.win32_1.5.0.202011040924/tools/bin/../lib/gcc/arm-none-eabi/9.3.1/../../../../arm-none-eabi/lib/thumb/v6-m/nofp\libc_nano.a(lib_a-init.o)
 .ARM.attributes
                0x00000000000002a7       0x2c c:/st/stm32cubeide_1.6.0/stm32cubeide/plugins/com.st.stm32cube.ide.mcu.externaltools.gnu-tools-for-stm32.9-2020-q2-update.win32_1.5.0.202011040924/tools/bin/../lib/gcc/arm-none-eabi/9.3.1/../../../../arm-none-eabi/lib/thumb/v6-m/nofp\libc_nano.a(lib_a-memset.o)
 .ARM.attributes
                0x00000000000002d3       0x1e c:/st/stm32cubeide_1.6.0/stm32cubeide/plugins/com.st.stm32cube.ide.mcu.externaltools.gnu-tools-for-stm32.9-2020-q2-update.win32_1.5.0.202011040924/tools/bin/../lib/gcc/arm-none-eabi/9.3.1/thumb/v6-m/nofp\libgcc.a(_udivsi3.o)
 .ARM.attributes
                0x00000000000002f1       0x1e c:/st/stm32cubeide_1.6.0/stm32cubeide/plugins/com.st.stm32cube.ide.mcu.externaltools.gnu-tools-for-stm32.9-2020-q2-update.win32_1.5.0.202011040924/tools/bin/../lib/gcc/arm-none-eabi/9.3.1/thumb/v6-m/nofp\libgcc.a(_dvmd_tls.o)
 .ARM.attributes
                0x000000000000030f       0x1e c:/st/stm32cubeide_1.6.0/stm32cubeide/plugins/com.st.stm32cube.ide.mcu.externaltools.gnu-tools-for-stm32.9-2020-q2-update.win32_1.5.0.202011040924/tools/bin/../lib/gcc/arm-none-eabi/9.3.1/thumb/v6-m/nofp/crtn.o
OUTPUT(1_Bink_LED.elf elf32-littlearm)
LOAD linker stubs
LOAD c:/st/stm32cubeide_1.6.0/stm32cubeide/plugins/com.st.stm32cube.ide.mcu.externaltools.gnu-tools-for-stm32.9-2020-q2-update.win32_1.5.0.202011040924/tools/bin/../lib/gcc/arm-none-eabi/9.3.1/../../../../arm-none-eabi/lib/thumb/v6-m/nofp\libc.a
LOAD c:/st/stm32cubeide_1.6.0/stm32cubeide/plugins/com.st.stm32cube.ide.mcu.externaltools.gnu-tools-for-stm32.9-2020-q2-update.win32_1.5.0.202011040924/tools/bin/../lib/gcc/arm-none-eabi/9.3.1/../../../../arm-none-eabi/lib/thumb/v6-m/nofp\libm.a
LOAD c:/st/stm32cubeide_1.6.0/stm32cubeide/plugins/com.st.stm32cube.ide.mcu.externaltools.gnu-tools-for-stm32.9-2020-q2-update.win32_1.5.0.202011040924/tools/bin/../lib/gcc/arm-none-eabi/9.3.1/thumb/v6-m/nofp\libgcc.a

.debug_info     0x0000000000000000     0x710a
 .debug_info    0x0000000000000000      0xf0b Core/Src/main.o
 .debug_info    0x0000000000000f0b      0xc92 Core/Src/stm32f0xx_hal_msp.o
 .debug_info    0x0000000000001b9d      0x3f6 Core/Src/stm32f0xx_it.o
 .debug_info    0x0000000000001f93      0x2c3 Core/Src/system_stm32f0xx.o
 .debug_info    0x0000000000002256       0x22 Core/Startup/startup_stm32f030f4px.o
 .debug_info    0x0000000000002278      0x6be Drivers/STM32F0xx_HAL_Driver/Src/stm32f0xx_hal.o
 .debug_info    0x0000000000002936      0xd62 Drivers/STM32F0xx_HAL_Driver/Src/stm32f0xx_hal_adc.o
 .debug_info    0x0000000000003698      0x7a0 Drivers/STM32F0xx_HAL_Driver/Src/stm32f0xx_hal_cortex.o
 .debug_info    0x0000000000003e38      0x80a Drivers/STM32F0xx_HAL_Driver/Src/stm32f0xx_hal_dma.o
 .debug_info    0x0000000000004642      0x6d3 Drivers/STM32F0xx_HAL_Driver/Src/stm32f0xx_hal_gpio.o
 .debug_info    0x0000000000004d15      0x88d Drivers/STM32F0xx_HAL_Driver/Src/stm32f0xx_hal_rcc.o
 .debug_info    0x00000000000055a2      0x401 Drivers/STM32F0xx_HAL_Driver/Src/stm32f0xx_hal_rcc_ex.o
 .debug_info    0x00000000000059a3     0x1767 Drivers/STM32F0xx_HAL_Driver/Src/stm32f0xx_hal_uart.o

.debug_abbrev   0x0000000000000000     0x175c
 .debug_abbrev  0x0000000000000000      0x254 Core/Src/main.o
 .debug_abbrev  0x0000000000000254      0x1ac Core/Src/stm32f0xx_hal_msp.o
 .debug_abbrev  0x0000000000000400      0x134 Core/Src/stm32f0xx_it.o
 .debug_abbrev  0x0000000000000534      0x145 Core/Src/system_stm32f0xx.o
 .debug_abbrev  0x0000000000000679       0x12 Core/Startup/startup_stm32f030f4px.o
 .debug_abbrev  0x000000000000068b      0x21e Drivers/STM32F0xx_HAL_Driver/Src/stm32f0xx_hal.o
 .debug_abbrev  0x00000000000008a9      0x1f1 Drivers/STM32F0xx_HAL_Driver/Src/stm32f0xx_hal_adc.o
 .debug_abbrev  0x0000000000000a9a      0x2a9 Drivers/STM32F0xx_HAL_Driver/Src/stm32f0xx_hal_cortex.o
 .debug_abbrev  0x0000000000000d43      0x213 Drivers/STM32F0xx_HAL_Driver/Src/stm32f0xx_hal_dma.o
 .debug_abbrev  0x0000000000000f56      0x1e8 Drivers/STM32F0xx_HAL_Driver/Src/stm32f0xx_hal_gpio.o
 .debug_abbrev  0x000000000000113e      0x23b Drivers/STM32F0xx_HAL_Driver/Src/stm32f0xx_hal_rcc.o
 .debug_abbrev  0x0000000000001379      0x193 Drivers/STM32F0xx_HAL_Driver/Src/stm32f0xx_hal_rcc_ex.o
 .debug_abbrev  0x000000000000150c      0x250 Drivers/STM32F0xx_HAL_Driver/Src/stm32f0xx_hal_uart.o

.debug_aranges  0x0000000000000000      0x758
 .debug_aranges
                0x0000000000000000       0x50 Core/Src/main.o
 .debug_aranges
                0x0000000000000050       0x40 Core/Src/stm32f0xx_hal_msp.o
 .debug_aranges
                0x0000000000000090       0x48 Core/Src/stm32f0xx_it.o
 .debug_aranges
                0x00000000000000d8       0x28 Core/Src/system_stm32f0xx.o
 .debug_aranges
                0x0000000000000100       0x28 Core/Startup/startup_stm32f030f4px.o
 .debug_aranges
                0x0000000000000128       0xd0 Drivers/STM32F0xx_HAL_Driver/Src/stm32f0xx_hal.o
 .debug_aranges
                0x00000000000001f8       0xf8 Drivers/STM32F0xx_HAL_Driver/Src/stm32f0xx_hal_adc.o
 .debug_aranges
                0x00000000000002f0       0xc0 Drivers/STM32F0xx_HAL_Driver/Src/stm32f0xx_hal_cortex.o
 .debug_aranges
                0x00000000000003b0       0x88 Drivers/STM32F0xx_HAL_Driver/Src/stm32f0xx_hal_dma.o
 .debug_aranges
                0x0000000000000438       0x58 Drivers/STM32F0xx_HAL_Driver/Src/stm32f0xx_hal_gpio.o
 .debug_aranges
                0x0000000000000490       0x80 Drivers/STM32F0xx_HAL_Driver/Src/stm32f0xx_hal_rcc.o
 .debug_aranges
                0x0000000000000510       0x30 Drivers/STM32F0xx_HAL_Driver/Src/stm32f0xx_hal_rcc_ex.o
 .debug_aranges
                0x0000000000000540      0x218 Drivers/STM32F0xx_HAL_Driver/Src/stm32f0xx_hal_uart.o

.debug_ranges   0x0000000000000000      0x6c0
 .debug_ranges  0x0000000000000000       0x40 Core/Src/main.o
 .debug_ranges  0x0000000000000040       0x30 Core/Src/stm32f0xx_hal_msp.o
 .debug_ranges  0x0000000000000070       0x38 Core/Src/stm32f0xx_it.o
 .debug_ranges  0x00000000000000a8       0x18 Core/Src/system_stm32f0xx.o
 .debug_ranges  0x00000000000000c0       0x20 Core/Startup/startup_stm32f030f4px.o
 .debug_ranges  0x00000000000000e0       0xc0 Drivers/STM32F0xx_HAL_Driver/Src/stm32f0xx_hal.o
 .debug_ranges  0x00000000000001a0       0xe8 Drivers/STM32F0xx_HAL_Driver/Src/stm32f0xx_hal_adc.o
 .debug_ranges  0x0000000000000288       0xb0 Drivers/STM32F0xx_HAL_Driver/Src/stm32f0xx_hal_cortex.o
 .debug_ranges  0x0000000000000338       0x78 Drivers/STM32F0xx_HAL_Driver/Src/stm32f0xx_hal_dma.o
 .debug_ranges  0x00000000000003b0       0x48 Drivers/STM32F0xx_HAL_Driver/Src/stm32f0xx_hal_gpio.o
 .debug_ranges  0x00000000000003f8       0x70 Drivers/STM32F0xx_HAL_Driver/Src/stm32f0xx_hal_rcc.o
 .debug_ranges  0x0000000000000468       0x20 Drivers/STM32F0xx_HAL_Driver/Src/stm32f0xx_hal_rcc_ex.o
 .debug_ranges  0x0000000000000488      0x238 Drivers/STM32F0xx_HAL_Driver/Src/stm32f0xx_hal_uart.o

.debug_macro    0x0000000000000000     0xefcb
 .debug_macro   0x0000000000000000      0x1cb Core/Src/main.o
 .debug_macro   0x00000000000001cb      0xa7e Core/Src/main.o
 .debug_macro   0x0000000000000c49      0x133 Core/Src/main.o
 .debug_macro   0x0000000000000d7c       0x2e Core/Src/main.o
 .debug_macro   0x0000000000000daa       0x22 Core/Src/main.o
 .debug_macro   0x0000000000000dcc       0x22 Core/Src/main.o
 .debug_macro   0x0000000000000dee       0x8e Core/Src/main.o
 .debug_macro   0x0000000000000e7c       0x51 Core/Src/main.o
 .debug_macro   0x0000000000000ecd      0x103 Core/Src/main.o
 .debug_macro   0x0000000000000fd0       0x6a Core/Src/main.o
 .debug_macro   0x000000000000103a      0x1df Core/Src/main.o
 .debug_macro   0x0000000000001219       0x1c Core/Src/main.o
 .debug_macro   0x0000000000001235       0x22 Core/Src/main.o
 .debug_macro   0x0000000000001257       0xb5 Core/Src/main.o
 .debug_macro   0x000000000000130c      0x391 Core/Src/main.o
 .debug_macro   0x000000000000169d     0x6e60 Core/Src/main.o
 .debug_macro   0x00000000000084fd       0x3c Core/Src/main.o
 .debug_macro   0x0000000000008539     0x3461 Core/Src/main.o
 .debug_macro   0x000000000000b99a      0x174 Core/Src/main.o
 .debug_macro   0x000000000000bb0e       0x55 Core/Src/main.o
 .debug_macro   0x000000000000bb63      0x924 Core/Src/main.o
 .debug_macro   0x000000000000c487       0xe5 Core/Src/main.o
 .debug_macro   0x000000000000c56c      0x12f Core/Src/main.o
 .debug_macro   0x000000000000c69b       0xb3 Core/Src/main.o
 .debug_macro   0x000000000000c74e      0x1a0 Core/Src/main.o
 .debug_macro   0x000000000000c8ee      0x1ed Core/Src/main.o
 .debug_macro   0x000000000000cadb       0x34 Core/Src/main.o
 .debug_macro   0x000000000000cb0f       0x43 Core/Src/main.o
 .debug_macro   0x000000000000cb52       0x28 Core/Src/main.o
 .debug_macro   0x000000000000cb7a      0x33d Core/Src/main.o
 .debug_macro   0x000000000000ceb7       0xbc Core/Src/main.o
 .debug_macro   0x000000000000cf73       0xb0 Core/Src/main.o
 .debug_macro   0x000000000000d023      0x15a Core/Src/main.o
 .debug_macro   0x000000000000d17d      0x22c Core/Src/main.o
 .debug_macro   0x000000000000d3a9       0x60 Core/Src/main.o
 .debug_macro   0x000000000000d409       0xa5 Core/Src/main.o
 .debug_macro   0x000000000000d4ae       0x4c Core/Src/main.o
 .debug_macro   0x000000000000d4fa       0x2b Core/Src/main.o
 .debug_macro   0x000000000000d525      0x55f Core/Src/main.o
 .debug_macro   0x000000000000da84       0x3e Core/Src/main.o
 .debug_macro   0x000000000000dac2       0xf1 Core/Src/main.o
 .debug_macro   0x000000000000dbb3      0x1cb Core/Src/stm32f0xx_hal_msp.o
 .debug_macro   0x000000000000dd7e      0x1d5 Core/Src/stm32f0xx_it.o
 .debug_macro   0x000000000000df53      0x1c1 Core/Src/system_stm32f0xx.o
 .debug_macro   0x000000000000e114      0x1e5 Drivers/STM32F0xx_HAL_Driver/Src/stm32f0xx_hal.o
 .debug_macro   0x000000000000e2f9      0x1e5 Drivers/STM32F0xx_HAL_Driver/Src/stm32f0xx_hal_adc.o
 .debug_macro   0x000000000000e4de      0x1c1 Drivers/STM32F0xx_HAL_Driver/Src/stm32f0xx_hal_cortex.o
 .debug_macro   0x000000000000e69f      0x1c1 Drivers/STM32F0xx_HAL_Driver/Src/stm32f0xx_hal_dma.o
 .debug_macro   0x000000000000e860      0x1f9 Drivers/STM32F0xx_HAL_Driver/Src/stm32f0xx_hal_gpio.o
 .debug_macro   0x000000000000ea59      0x1d3 Drivers/STM32F0xx_HAL_Driver/Src/stm32f0xx_hal_rcc.o
 .debug_macro   0x000000000000ec2c      0x1c1 Drivers/STM32F0xx_HAL_Driver/Src/stm32f0xx_hal_rcc_ex.o
 .debug_macro   0x000000000000eded      0x1de Drivers/STM32F0xx_HAL_Driver/Src/stm32f0xx_hal_uart.o

.debug_line     0x0000000000000000     0x8d0f
 .debug_line    0x0000000000000000      0x850 Core/Src/main.o
 .debug_line    0x0000000000000850      0x79a Core/Src/stm32f0xx_hal_msp.o
 .debug_line    0x0000000000000fea      0x75f Core/Src/stm32f0xx_it.o
 .debug_line    0x0000000000001749      0x752 Core/Src/system_stm32f0xx.o
 .debug_line    0x0000000000001e9b       0x89 Core/Startup/startup_stm32f030f4px.o
 .debug_line    0x0000000000001f24      0x95d Drivers/STM32F0xx_HAL_Driver/Src/stm32f0xx_hal.o
 .debug_line    0x0000000000002881     0x1156 Drivers/STM32F0xx_HAL_Driver/Src/stm32f0xx_hal_adc.o
 .debug_line    0x00000000000039d7      0xa09 Drivers/STM32F0xx_HAL_Driver/Src/stm32f0xx_hal_cortex.o
 .debug_line    0x00000000000043e0      0xc79 Drivers/STM32F0xx_HAL_Driver/Src/stm32f0xx_hal_dma.o
 .debug_line    0x0000000000005059      0xae4 Drivers/STM32F0xx_HAL_Driver/Src/stm32f0xx_hal_gpio.o
 .debug_line    0x0000000000005b3d      0xd49 Drivers/STM32F0xx_HAL_Driver/Src/stm32f0xx_hal_rcc.o
 .debug_line    0x0000000000006886      0x8bc Drivers/STM32F0xx_HAL_Driver/Src/stm32f0xx_hal_rcc_ex.o
 .debug_line    0x0000000000007142     0x1bcd Drivers/STM32F0xx_HAL_Driver/Src/stm32f0xx_hal_uart.o

.debug_str      0x0000000000000000    0x5a042
 .debug_str     0x0000000000000000    0x586e6 Core/Src/main.o
                                      0x58a32 (size before relaxing)
 .debug_str     0x00000000000586e6       0x78 Core/Src/stm32f0xx_hal_msp.o
                                      0x586f2 (size before relaxing)
 .debug_str     0x000000000005875e       0x76 Core/Src/stm32f0xx_it.o
                                      0x5827d (size before relaxing)
 .debug_str     0x00000000000587d4       0x5f Core/Src/system_stm32f0xx.o
                                      0x580b6 (size before relaxing)
 .debug_str     0x0000000000058833       0x36 Core/Startup/startup_stm32f030f4px.o
                                         0x7a (size before relaxing)
 .debug_str     0x0000000000058869      0x313 Drivers/STM32F0xx_HAL_Driver/Src/stm32f0xx_hal.o
                                      0x58589 (size before relaxing)
 .debug_str     0x0000000000058b7c      0x384 Drivers/STM32F0xx_HAL_Driver/Src/stm32f0xx_hal_adc.o
                                      0x587b6 (size before relaxing)
 .debug_str     0x0000000000058f00      0x1dc Drivers/STM32F0xx_HAL_Driver/Src/stm32f0xx_hal_cortex.o
                                      0x58441 (size before relaxing)
 .debug_str     0x00000000000590dc      0x248 Drivers/STM32F0xx_HAL_Driver/Src/stm32f0xx_hal_dma.o
                                      0x5848e (size before relaxing)
 .debug_str     0x0000000000059324      0x208 Drivers/STM32F0xx_HAL_Driver/Src/stm32f0xx_hal_gpio.o
                                      0x58352 (size before relaxing)
 .debug_str     0x000000000005952c      0x240 Drivers/STM32F0xx_HAL_Driver/Src/stm32f0xx_hal_rcc.o
                                      0x584c0 (size before relaxing)
 .debug_str     0x000000000005976c       0xb1 Drivers/STM32F0xx_HAL_Driver/Src/stm32f0xx_hal_rcc_ex.o
                                      0x581f2 (size before relaxing)
 .debug_str     0x000000000005981d      0x825 Drivers/STM32F0xx_HAL_Driver/Src/stm32f0xx_hal_uart.o
                                      0x58d27 (size before relaxing)

.comment        0x0000000000000000       0x53
 .comment       0x0000000000000000       0x53 Core/Src/main.o
                                         0x54 (size before relaxing)
 .comment       0x0000000000000053       0x54 Core/Src/stm32f0xx_hal_msp.o
 .comment       0x0000000000000053       0x54 Core/Src/stm32f0xx_it.o
 .comment       0x0000000000000053       0x54 Core/Src/system_stm32f0xx.o
 .comment       0x0000000000000053       0x54 Drivers/STM32F0xx_HAL_Driver/Src/stm32f0xx_hal.o
 .comment       0x0000000000000053       0x54 Drivers/STM32F0xx_HAL_Driver/Src/stm32f0xx_hal_adc.o
 .comment       0x0000000000000053       0x54 Drivers/STM32F0xx_HAL_Driver/Src/stm32f0xx_hal_cortex.o
 .comment       0x0000000000000053       0x54 Drivers/STM32F0xx_HAL_Driver/Src/stm32f0xx_hal_dma.o
 .comment       0x0000000000000053       0x54 Drivers/STM32F0xx_HAL_Driver/Src/stm32f0xx_hal_gpio.o
 .comment       0x0000000000000053       0x54 Drivers/STM32F0xx_HAL_Driver/Src/stm32f0xx_hal_rcc.o
 .comment       0x0000000000000053       0x54 Drivers/STM32F0xx_HAL_Driver/Src/stm32f0xx_hal_rcc_ex.o
 .comment       0x0000000000000053       0x54 Drivers/STM32F0xx_HAL_Driver/Src/stm32f0xx_hal_uart.o

.debug_frame    0x0000000000000000     0x18e0
 .debug_frame   0x0000000000000000       0xe4 Core/Src/main.o
 .debug_frame   0x00000000000000e4       0xb0 Core/Src/stm32f0xx_hal_msp.o
 .debug_frame   0x0000000000000194       0xb8 Core/Src/stm32f0xx_it.o
 .debug_frame   0x000000000000024c       0x4c Core/Src/system_stm32f0xx.o
 .debug_frame   0x0000000000000298      0x2a4 Drivers/STM32F0xx_HAL_Driver/Src/stm32f0xx_hal.o
 .debug_frame   0x000000000000053c      0x3a0 Drivers/STM32F0xx_HAL_Driver/Src/stm32f0xx_hal_adc.o
 .debug_frame   0x00000000000008dc      0x2a0 Drivers/STM32F0xx_HAL_Driver/Src/stm32f0xx_hal_cortex.o
 .debug_frame   0x0000000000000b7c      0x1d0 Drivers/STM32F0xx_HAL_Driver/Src/stm32f0xx_hal_dma.o
 .debug_frame   0x0000000000000d4c      0x110 Drivers/STM32F0xx_HAL_Driver/Src/stm32f0xx_hal_gpio.o
 .debug_frame   0x0000000000000e5c      0x198 Drivers/STM32F0xx_HAL_Driver/Src/stm32f0xx_hal_rcc.o
 .debug_frame   0x0000000000000ff4       0x70 Drivers/STM32F0xx_HAL_Driver/Src/stm32f0xx_hal_rcc_ex.o
 .debug_frame   0x0000000000001064      0x810 Drivers/STM32F0xx_HAL_Driver/Src/stm32f0xx_hal_uart.o
 .debug_frame   0x0000000000001874       0x2c c:/st/stm32cubeide_1.6.0/stm32cubeide/plugins/com.st.stm32cube.ide.mcu.externaltools.gnu-tools-for-stm32.9-2020-q2-update.win32_1.5.0.202011040924/tools/bin/../lib/gcc/arm-none-eabi/9.3.1/../../../../arm-none-eabi/lib/thumb/v6-m/nofp\libc_nano.a(lib_a-init.o)
 .debug_frame   0x00000000000018a0       0x20 c:/st/stm32cubeide_1.6.0/stm32cubeide/plugins/com.st.stm32cube.ide.mcu.externaltools.gnu-tools-for-stm32.9-2020-q2-update.win32_1.5.0.202011040924/tools/bin/../lib/gcc/arm-none-eabi/9.3.1/../../../../arm-none-eabi/lib/thumb/v6-m/nofp\libc_nano.a(lib_a-memset.o)
 .debug_frame   0x00000000000018c0       0x20 c:/st/stm32cubeide_1.6.0/stm32cubeide/plugins/com.st.stm32cube.ide.mcu.externaltools.gnu-tools-for-stm32.9-2020-q2-update.win32_1.5.0.202011040924/tools/bin/../lib/gcc/arm-none-eabi/9.3.1/thumb/v6-m/nofp\libgcc.a(_udivsi3.o)
